// Jest Snapshot v1, https://goo.gl/fbAQLP

exports[`GoogleButton should match the snapshot 1`] = `undefined`;
